<html>
<body>
<pre>
<h1>礦ision Build Log</h1>
<h2>Tool Versions:</h2>
IDE-Version: μVision V5.27.1.0
Copyright (C) 2019 ARM Ltd and ARM Germany GmbH. All rights reserved.
License Information: Cooper Joseph, HAUT, LIC=RC93N-YKKJQ-KPMZY-I0R2X-AKND4-J1BS9
 
Tool Versions:
Toolchain:       MDK-ARM Plus  Version: 5.31.0.0
Toolchain Path:  E:\Keil\Software\ARM\ARMCC\Bin
C Compiler:      Armcc.exe V5.06 update 6 (build 750)
Assembler:       Armasm.exe V5.06 update 6 (build 750)
Linker/Locator:  ArmLink.exe V5.06 update 6 (build 750)
Library Manager: ArmAr.exe V5.06 update 6 (build 750)
Hex Converter:   FromElf.exe V5.06 update 6 (build 750)
CPU DLL:         SARMCM3.DLL V5.31.0.0
Dialog DLL:      DCM.DLL V1.17.3.0
Target DLL:      STLink\ST-LINKIII-KEIL_SWO.dll V3.0.7.0
Dialog DLL:      TCM.DLL V1.46.0.0
 
<h2>Project:</h2>
E:\#University\Desktop\课堂学习\D电子综合设计\Code\7_避障API测试\USER\Template.uvprojx
Project File Date:  12/06/2020

<h2>Output:</h2>
*** Using Compiler 'V5.06 update 6 (build 750)', folder: 'E:\Keil\Software\ARM\ARMCC\Bin'
Rebuild target 'Template'
assembling startup_stm32f10x_hd.s...
compiling core_cm3.c...
compiling stm32f10x_it.c...
compiling misc.c...
compiling stm32f10x_adc.c...
compiling stm32f10x_bkp.c...
compiling system_stm32f10x.c...
compiling stm32f10x_cec.c...
compiling stm32f10x_can.c...
compiling usart.c...
compiling delay.c...
compiling main.c...
compiling sys.c...
compiling stm32f10x_crc.c...
compiling stm32f10x_dac.c...
compiling stm32f10x_dbgmcu.c...
compiling stm32f10x_iwdg.c...
compiling stm32f10x_dma.c...
compiling stm32f10x_pwr.c...
compiling stm32f10x_exti.c...
compiling stm32f10x_i2c.c...
compiling stm32f10x_gpio.c...
compiling stm32f10x_fsmc.c...
compiling stm32f10x_flash.c...
compiling stm32f10x_rtc.c...
compiling stm32f10x_rcc.c...
compiling stm32f10x_spi.c...
compiling stm32f10x_wwdg.c...
compiling stm32f10x_sdio.c...
compiling stm32f10x_usart.c...
compiling led.c...
compiling moto.c...
compiling key.c...
compiling exti.c...
compiling adc.c...
compiling encoder.c...
compiling oled.c...
compiling stm32f10x_tim.c...
compiling DataScop_DP.c...
compiling stmflash.c...
compiling usart3.c...
compiling show.c...
compiling control.c...
..\BALANCE\CONTROL\control.c(361): warning:  #177-D: variable "Last_CCD_Zhongzhi"  was declared but never referenced
  	 static u16 i,j,Left,Right,Last_CCD_Zhongzhi;
..\BALANCE\CONTROL\control.c: 1 warning, 0 errors
linking...
Program Size: Code=23346 RO-data=3438 RW-data=260 ZI-data=3004  
FromELF: creating hex file...
"..\OBJ\Template.axf" - 0 Error(s), 1 Warning(s).

<h2>Software Packages used:</h2>

Package Vendor: Keil
                http://www.keil.com/pack/Keil.STM32F1xx_DFP.2.3.0.pack
                Keil.STM32F1xx_DFP.2.3.0
                STMicroelectronics STM32F1 Series Device Support, Drivers and Examples

<h2>Collection of Component include folders:</h2>
  .\RTE\_Template
  E:\Keil\Data\Keil\STM32F1xx_DFP\2.3.0\Device\Include

<h2>Collection of Component Files used:</h2>
Build Time Elapsed:  00:00:04
</pre>
</body>
</html>
